GET /books/list.ajax HTTP/1.1
Host: localhost:65535

