GET /tmp/favicon.json HTTP/1.1
Host: localhost:65535

