03344 Бережливое производство + шесть сигм в сфере услуг/audiobook/ogg/1.03. Часть 1. Глава 1. Применение метода «бережливое производство + шесть сигм» в сфере услуг для роста показателя возврата на инвестиции ROIC.ogg